

================================================================
== Vivado HLS Report for 'mvprod_layer_2'
================================================================
* Date:           Sat Oct 26 14:05:40 2019

* Version:        2018.2 (Build 2258646 on Thu Jun 14 20:25:20 MDT 2018)
* Project:        mlp
* Solution:       solution1
* Product family: kintex7
* Target device:  xc7k325tffg676-2


================================================================
== Performance Estimates
================================================================
+ Timing (ns): 
    * Summary: 
    +--------+-------+----------+------------+
    |  Clock | Target| Estimated| Uncertainty|
    +--------+-------+----------+------------+
    |ap_clk  |   4.00|     3.040|        0.50|
    +--------+-------+----------+------------+

+ Latency (clock cycles): 
    * Summary: 
    +------+------+------+------+---------+
    |   Latency   |   Interval  | Pipeline|
    |  min |  max |  min |  max |   Type  |
    +------+------+------+------+---------+
    |  1841|  1841|  1841|  1841|   none  |
    +------+------+------+------+---------+

    + Detail: 
        * Instance: 
        N/A

        * Loop: 
        +----------+------+------+----------+-----------+-----------+------+----------+
        |          |   Latency   | Iteration|  Initiation Interval  | Trip |          |
        | Loop Name|  min |  max |  Latency |  achieved |   target  | Count| Pipelined|
        +----------+------+------+----------+-----------+-----------+------+----------+
        |- outer   |  1840|  1840|       184|          -|          -|    10|    no    |
        | + inner  |   182|   182|         7|          -|          -|    26|    no    |
        +----------+------+------+----------+-----------+-----------+------+----------+



================================================================
== Utilization Estimates
================================================================
* Summary: 
+-----------------+---------+-------+--------+--------+
|       Name      | BRAM_18K| DSP48E|   FF   |   LUT  |
+-----------------+---------+-------+--------+--------+
|DSP              |        -|      1|       -|       -|
|Expression       |        -|      -|       0|     164|
|FIFO             |        -|      -|       -|       -|
|Instance         |        -|      -|       -|       -|
|Memory           |        -|      -|       -|       -|
|Multiplexer      |        -|      -|       -|      77|
|Register         |        -|      -|     150|       -|
+-----------------+---------+-------+--------+--------+
|Total            |        0|      1|     150|     241|
+-----------------+---------+-------+--------+--------+
|Available        |      890|    840|  407600|  203800|
+-----------------+---------+-------+--------+--------+
|Utilization (%)  |        0|   ~0  |   ~0   |   ~0   |
+-----------------+---------+-------+--------+--------+

+ Detail: 
    * Instance: 
    N/A

    * DSP48: 
    +-------------------------+----------------------+-----------+
    |         Instance        |        Module        | Expression|
    +-------------------------+----------------------+-----------+
    |mlp_mul_mul_18s_1cud_U6  |mlp_mul_mul_18s_1cud  |  i0 * i1  |
    +-------------------------+----------------------+-----------+

    * Memory: 
    N/A

    * FIFO: 
    N/A

    * Expression: 
    +--------------------+----------+-------+---+----+------------+------------+
    |    Variable Name   | Operation| DSP48E| FF| LUT| Bitwidth P0| Bitwidth P1|
    +--------------------+----------+-------+---+----+------------+------------+
    |m_1_fu_150_p2       |     +    |      0|  0|  13|           4|           1|
    |n_1_fu_167_p2       |     +    |      0|  0|  15|           5|           1|
    |next_mul_fu_138_p2  |     +    |      0|  0|  16|           9|           5|
    |p_Val2_1_fu_235_p2  |     +    |      0|  0|  44|          37|          37|
    |tmp_9_fu_177_p2     |     +    |      0|  0|  16|           9|           9|
    |tmp_1_fu_161_p2     |   icmp   |      0|  0|  11|           5|           4|
    |tmp_2_fu_183_p2     |   icmp   |      0|  0|  11|           5|           1|
    |tmp_7_fu_198_p2     |   icmp   |      0|  0|  11|           5|           4|
    |tmp_fu_144_p2       |   icmp   |      0|  0|   9|           4|           4|
    |tmp_6_fu_213_p3     |  select  |      0|  0|  18|           1|           1|
    +--------------------+----------+-------+---+----+------------+------------+
    |Total               |          |      0|  0| 164|          84|          67|
    +--------------------+----------+-------+---+----+------------+------------+

    * Multiplexer: 
    +-----------------+----+-----------+-----+-----------+
    |       Name      | LUT| Input Size| Bits| Total Bits|
    +-----------------+----+-----------+-----+-----------+
    |acc_V_1_fu_56    |   9|          2|   18|         36|
    |ap_NS_fsm        |  41|         10|    1|         10|
    |m_reg_98         |   9|          2|    4|          8|
    |n_reg_121        |   9|          2|    5|         10|
    |phi_mul_reg_109  |   9|          2|    9|         18|
    +-----------------+----+-----------+-----+-----------+
    |Total            |  77|         18|   37|         82|
    +-----------------+----+-----------+-----+-----------+

    * Register: 
    +-----------------------+----+----+-----+-----------+
    |          Name         | FF | LUT| Bits| Const Bits|
    +-----------------------+----+----+-----+-----------+
    |acc_V_1_fu_56          |  18|   0|   18|          0|
    |ap_CS_fsm              |   9|   0|    9|          0|
    |input_V_load_reg_320   |  18|   0|   18|          0|
    |m_1_reg_278            |   4|   0|    4|          0|
    |m_reg_98               |   4|   0|    4|          0|
    |matrix_V_load_reg_325  |  18|   0|   18|          0|
    |n_1_reg_291            |   5|   0|    5|          0|
    |n_reg_121              |   5|   0|    5|          0|
    |next_mul_reg_270       |   9|   0|    9|          0|
    |p_Val2_s_reg_340       |  36|   0|   36|          0|
    |phi_mul_reg_109        |   9|   0|    9|          0|
    |result_V_addr_reg_283  |   4|   0|    4|          0|
    |tmp_2_reg_301          |   1|   0|    1|          0|
    |tmp_7_reg_316          |   1|   0|    1|          0|
    |tmp_9_reg_296          |   9|   0|    9|          0|
    +-----------------------+----+----+-----+-----------+
    |Total                  | 150|   0|  150|          0|
    +-----------------------+----+----+-----+-----------+



================================================================
== Interface
================================================================
* Summary: 
+-------------------+-----+-----+------------+----------------+--------------+
|     RTL Ports     | Dir | Bits|  Protocol  |  Source Object |    C Type    |
+-------------------+-----+-----+------------+----------------+--------------+
|ap_clk             |  in |    1| ap_ctrl_hs | mvprod_layer_2 | return value |
|ap_rst             |  in |    1| ap_ctrl_hs | mvprod_layer_2 | return value |
|ap_start           |  in |    1| ap_ctrl_hs | mvprod_layer_2 | return value |
|ap_done            | out |    1| ap_ctrl_hs | mvprod_layer_2 | return value |
|ap_idle            | out |    1| ap_ctrl_hs | mvprod_layer_2 | return value |
|ap_ready           | out |    1| ap_ctrl_hs | mvprod_layer_2 | return value |
|matrix_V_address0  | out |    9|  ap_memory |    matrix_V    |     array    |
|matrix_V_ce0       | out |    1|  ap_memory |    matrix_V    |     array    |
|matrix_V_q0        |  in |   18|  ap_memory |    matrix_V    |     array    |
|input_V_address0   | out |    5|  ap_memory |     input_V    |     array    |
|input_V_ce0        | out |    1|  ap_memory |     input_V    |     array    |
|input_V_q0         |  in |   18|  ap_memory |     input_V    |     array    |
|result_V_address0  | out |    4|  ap_memory |    result_V    |     array    |
|result_V_ce0       | out |    1|  ap_memory |    result_V    |     array    |
|result_V_we0       | out |    1|  ap_memory |    result_V    |     array    |
|result_V_d0        | out |   18|  ap_memory |    result_V    |     array    |
+-------------------+-----+-----+------------+----------------+--------------+

