

================================================================
== Vivado HLS Report for 'sigmoid_activation_L_1'
================================================================
* Date:           Sat Oct 26 22:26:23 2019

* Version:        2018.2 (Build 2258646 on Thu Jun 14 20:25:20 MDT 2018)
* Project:        mlp
* Solution:       area_optimized
* Product family: kintex7
* Target device:  xc7k325tffg676-2


================================================================
== Performance Estimates
================================================================
+ Timing (ns): 
    * Summary: 
    +--------+-------+----------+------------+
    |  Clock | Target| Estimated| Uncertainty|
    +--------+-------+----------+------------+
    |ap_clk  |   4.00|     3.215|        0.50|
    +--------+-------+----------+------------+

+ Latency (clock cycles): 
    * Summary: 
    +-----+-----+-----+-----+---------+
    |  Latency  |  Interval | Pipeline|
    | min | max | min | max |   Type  |
    +-----+-----+-----+-----+---------+
    |  201|  201|  201|  201|   none  |
    +-----+-----+-----+-----+---------+

    + Detail: 
        * Instance: 
        N/A

        * Loop: 
        +----------+-----+-----+----------+-----------+-----------+------+----------+
        |          |  Latency  | Iteration|  Initiation Interval  | Trip |          |
        | Loop Name| min | max |  Latency |  achieved |   target  | Count| Pipelined|
        +----------+-----+-----+----------+-----------+-----------+------+----------+
        |- activ   |  200|  200|         8|          -|          -|    25|    no    |
        +----------+-----+-----+----------+-----------+-----------+------+----------+



================================================================
== Utilization Estimates
================================================================
* Summary: 
+-----------------+---------+-------+--------+--------+
|       Name      | BRAM_18K| DSP48E|   FF   |   LUT  |
+-----------------+---------+-------+--------+--------+
|DSP              |        -|      1|       -|       -|
|Expression       |        -|      -|       0|     190|
|FIFO             |        -|      -|       -|       -|
|Instance         |        -|      -|       -|       -|
|Memory           |        -|      -|       -|       -|
|Multiplexer      |        -|      -|       -|      85|
|Register         |        -|      -|     140|       -|
+-----------------+---------+-------+--------+--------+
|Total            |        0|      1|     140|     275|
+-----------------+---------+-------+--------+--------+
|Available        |      890|    840|  407600|  203800|
+-----------------+---------+-------+--------+--------+
|Utilization (%)  |        0|   ~0  |   ~0   |   ~0   |
+-----------------+---------+-------+--------+--------+

+ Detail: 
    * Instance: 
    N/A

    * DSP48: 
    +--------------------------+----------------------+-----------+
    |         Instance         |        Module        | Expression|
    +--------------------------+----------------------+-----------+
    |mlp_mul_mul_18s_1dEe_U10  |mlp_mul_mul_18s_1dEe  |  i0 * i0  |
    +--------------------------+----------------------+-----------+

    * Memory: 
    N/A

    * FIFO: 
    N/A

    * Expression: 
    +-----------------------+----------+-------+---+----+------------+------------+
    |     Variable Name     | Operation| DSP48E| FF| LUT| Bitwidth P0| Bitwidth P1|
    +-----------------------+----------+-------+---+----+------------+------------+
    |i_1_fu_109_p2          |     +    |      0|  0|  15|           5|           1|
    |p_Val2_9_fu_165_p2     |     +    |      0|  0|  25|          18|          16|
    |p_Val2_2_fu_187_p2     |     -    |      0|  0|  33|          26|          26|
    |p_Val2_8_fu_128_p2     |     -    |      0|  0|  25|           1|          18|
    |p_Val2_s_17_fu_211_p2  |     -    |      0|  0|  25|          17|          18|
    |tmp_2_fu_139_p2        |   icmp   |      0|  0|  18|          18|          15|
    |tmp_fu_103_p2          |   icmp   |      0|  0|  11|           5|           4|
    |ap_block_state1        |    or    |      0|  0|   2|           1|           1|
    |p_Val2_1_fu_133_p3     |  select  |      0|  0|  18|           1|          18|
    |p_Val2_3_fu_203_p3     |  select  |      0|  0|  18|           1|          17|
    +-----------------------+----------+-------+---+----+------------+------------+
    |Total                  |          |      0|  0| 190|          93|         134|
    +-----------------------+----------+-------+---+----+------------+------------+

    * Multiplexer: 
    +-------------------+----+-----------+-----+-----------+
    |        Name       | LUT| Input Size| Bits| Total Bits|
    +-------------------+----+-----------+-----+-----------+
    |ap_NS_fsm          |  41|         10|    1|         10|
    |ap_done            |   9|          2|    1|          2|
    |i_reg_92           |   9|          2|    5|         10|
    |result_V_address0  |  13|          3|    5|         15|
    |result_V_d0        |  13|          3|   18|         54|
    +-------------------+----+-----------+-----+-----------+
    |Total              |  85|         20|   30|         91|
    +-------------------+----+-----------+-----+-----------+

    * Register: 
    +------------------+----+----+-----+-----------+
    |       Name       | FF | LUT| Bits| Const Bits|
    +------------------+----+----+-----+-----------+
    |ap_CS_fsm         |   9|   0|    9|          0|
    |ap_done_reg       |   1|   0|    1|          0|
    |i_1_reg_226       |   5|   0|    5|          0|
    |i_reg_92          |   5|   0|    5|          0|
    |p_Val2_1_reg_253  |  18|   0|   18|          0|
    |p_Val2_3_reg_284  |  18|   0|   18|          0|
    |p_Val2_9_reg_279  |  14|   0|   18|          4|
    |p_Val2_s_reg_242  |  18|   0|   18|          0|
    |tmp_1_reg_248     |   1|   0|    1|          0|
    |tmp_2_reg_258     |   1|   0|    1|          0|
    |tmp_4_reg_274     |  31|   0|   31|          0|
    |tmp_6_reg_263     |  14|   0|   14|          0|
    |tmp_s_reg_231     |   5|   0|   64|         59|
    +------------------+----+----+-----+-----------+
    |Total             | 140|   0|  203|         63|
    +------------------+----+----+-----+-----------+



================================================================
== Interface
================================================================
* Summary: 
+-------------------+-----+-----+------------+------------------------+--------------+
|     RTL Ports     | Dir | Bits|  Protocol  |      Source Object     |    C Type    |
+-------------------+-----+-----+------------+------------------------+--------------+
|ap_clk             |  in |    1| ap_ctrl_hs | sigmoid_activation_L.1 | return value |
|ap_rst             |  in |    1| ap_ctrl_hs | sigmoid_activation_L.1 | return value |
|ap_start           |  in |    1| ap_ctrl_hs | sigmoid_activation_L.1 | return value |
|ap_done            | out |    1| ap_ctrl_hs | sigmoid_activation_L.1 | return value |
|ap_continue        |  in |    1| ap_ctrl_hs | sigmoid_activation_L.1 | return value |
|ap_idle            | out |    1| ap_ctrl_hs | sigmoid_activation_L.1 | return value |
|ap_ready           | out |    1| ap_ctrl_hs | sigmoid_activation_L.1 | return value |
|input_V_address0   | out |    5|  ap_memory |         input_V        |     array    |
|input_V_ce0        | out |    1|  ap_memory |         input_V        |     array    |
|input_V_q0         |  in |   18|  ap_memory |         input_V        |     array    |
|result_V_address0  | out |    5|  ap_memory |        result_V        |     array    |
|result_V_ce0       | out |    1|  ap_memory |        result_V        |     array    |
|result_V_we0       | out |    1|  ap_memory |        result_V        |     array    |
|result_V_d0        | out |   18|  ap_memory |        result_V        |     array    |
+-------------------+-----+-----+------------+------------------------+--------------+

